Analysis & Synthesis report for ALU_CTRL
Wed May 30 21:59:47 2018
Quartus II 64-Bit Version 13.0.1 Build 232 06/12/2013 Service Pack 1 SJ Web Edition


---------------------
; Table of Contents ;
---------------------
  1. Legal Notice
  2. Analysis & Synthesis Summary
  3. Analysis & Synthesis Settings
  4. Parallel Compilation
  5. Analysis & Synthesis Source Files Read
  6. Analysis & Synthesis Resource Usage Summary
  7. Analysis & Synthesis Resource Utilization by Entity
  8. State Machine - |ALU_CTRL|state
  9. User-Specified and Inferred Latches
 10. General Register Statistics
 11. Multiplexer Restructuring Statistics (Restructuring Performed)
 12. Port Connectivity Checks: "ALU:XALU"
 13. Elapsed Time Per Partition
 14. Analysis & Synthesis Messages



----------------
; Legal Notice ;
----------------
Copyright (C) 1991-2013 Altera Corporation
Your use of Altera Corporation's design tools, logic functions 
and other software and tools, and its AMPP partner logic 
functions, and any output files from any of the foregoing 
(including device programming or simulation files), and any 
associated documentation or information are expressly subject 
to the terms and conditions of the Altera Program License 
Subscription Agreement, Altera MegaCore Function License 
Agreement, or other applicable license agreement, including, 
without limitation, that your use is for the sole purpose of 
programming logic devices manufactured by Altera and sold by 
Altera or its authorized distributors.  Please refer to the 
applicable agreement for further details.



+--------------------------------------------------------------------------------------+
; Analysis & Synthesis Summary                                                         ;
+------------------------------------+-------------------------------------------------+
; Analysis & Synthesis Status        ; Successful - Wed May 30 21:59:47 2018           ;
; Quartus II 64-Bit Version          ; 13.0.1 Build 232 06/12/2013 SP 1 SJ Web Edition ;
; Revision Name                      ; ALU_CTRL                                        ;
; Top-level Entity Name              ; ALU_CTRL                                        ;
; Family                             ; Cyclone II                                      ;
; Total logic elements               ; 182                                             ;
;     Total combinational functions  ; 182                                             ;
;     Dedicated logic registers      ; 3                                               ;
; Total registers                    ; 3                                               ;
; Total pins                         ; 42                                              ;
; Total virtual pins                 ; 0                                               ;
; Total memory bits                  ; 0                                               ;
; Embedded Multiplier 9-bit elements ; 0                                               ;
; Total PLLs                         ; 0                                               ;
+------------------------------------+-------------------------------------------------+


+----------------------------------------------------------------------------------------------------------------------+
; Analysis & Synthesis Settings                                                                                        ;
+----------------------------------------------------------------------------+--------------------+--------------------+
; Option                                                                     ; Setting            ; Default Value      ;
+----------------------------------------------------------------------------+--------------------+--------------------+
; Device                                                                     ; EP2C20F484C7       ;                    ;
; Top-level entity name                                                      ; ALU_CTRL           ; ALU_CTRL           ;
; Family name                                                                ; Cyclone II         ; Cyclone IV GX      ;
; Use smart compilation                                                      ; Off                ; Off                ;
; Enable parallel Assembler and TimeQuest Timing Analyzer during compilation ; On                 ; On                 ;
; Enable compact report table                                                ; Off                ; Off                ;
; Restructure Multiplexers                                                   ; Auto               ; Auto               ;
; Create Debugging Nodes for IP Cores                                        ; Off                ; Off                ;
; Preserve fewer node names                                                  ; On                 ; On                 ;
; Disable OpenCore Plus hardware evaluation                                  ; Off                ; Off                ;
; Verilog Version                                                            ; Verilog_2001       ; Verilog_2001       ;
; VHDL Version                                                               ; VHDL_1993          ; VHDL_1993          ;
; State Machine Processing                                                   ; Auto               ; Auto               ;
; Safe State Machine                                                         ; Off                ; Off                ;
; Extract Verilog State Machines                                             ; On                 ; On                 ;
; Extract VHDL State Machines                                                ; On                 ; On                 ;
; Ignore Verilog initial constructs                                          ; Off                ; Off                ;
; Iteration limit for constant Verilog loops                                 ; 5000               ; 5000               ;
; Iteration limit for non-constant Verilog loops                             ; 250                ; 250                ;
; Add Pass-Through Logic to Inferred RAMs                                    ; On                 ; On                 ;
; Infer RAMs from Raw Logic                                                  ; On                 ; On                 ;
; Parallel Synthesis                                                         ; On                 ; On                 ;
; DSP Block Balancing                                                        ; Auto               ; Auto               ;
; NOT Gate Push-Back                                                         ; On                 ; On                 ;
; Power-Up Don't Care                                                        ; On                 ; On                 ;
; Remove Redundant Logic Cells                                               ; Off                ; Off                ;
; Remove Duplicate Registers                                                 ; On                 ; On                 ;
; Ignore CARRY Buffers                                                       ; Off                ; Off                ;
; Ignore CASCADE Buffers                                                     ; Off                ; Off                ;
; Ignore GLOBAL Buffers                                                      ; Off                ; Off                ;
; Ignore ROW GLOBAL Buffers                                                  ; Off                ; Off                ;
; Ignore LCELL Buffers                                                       ; Off                ; Off                ;
; Ignore SOFT Buffers                                                        ; On                 ; On                 ;
; Limit AHDL Integers to 32 Bits                                             ; Off                ; Off                ;
; Optimization Technique                                                     ; Balanced           ; Balanced           ;
; Carry Chain Length                                                         ; 70                 ; 70                 ;
; Auto Carry Chains                                                          ; On                 ; On                 ;
; Auto Open-Drain Pins                                                       ; On                 ; On                 ;
; Perform WYSIWYG Primitive Resynthesis                                      ; Off                ; Off                ;
; Auto ROM Replacement                                                       ; On                 ; On                 ;
; Auto RAM Replacement                                                       ; On                 ; On                 ;
; Auto Shift Register Replacement                                            ; Auto               ; Auto               ;
; Allow Shift Register Merging across Hierarchies                            ; Auto               ; Auto               ;
; Auto Clock Enable Replacement                                              ; On                 ; On                 ;
; Strict RAM Replacement                                                     ; Off                ; Off                ;
; Allow Synchronous Control Signals                                          ; On                 ; On                 ;
; Force Use of Synchronous Clear Signals                                     ; Off                ; Off                ;
; Auto RAM to Logic Cell Conversion                                          ; Off                ; Off                ;
; Auto Resource Sharing                                                      ; Off                ; Off                ;
; Allow Any RAM Size For Recognition                                         ; Off                ; Off                ;
; Allow Any ROM Size For Recognition                                         ; Off                ; Off                ;
; Allow Any Shift Register Size For Recognition                              ; Off                ; Off                ;
; Use LogicLock Constraints during Resource Balancing                        ; On                 ; On                 ;
; Ignore translate_off and synthesis_off directives                          ; Off                ; Off                ;
; Timing-Driven Synthesis                                                    ; Off                ; Off                ;
; Report Parameter Settings                                                  ; On                 ; On                 ;
; Report Source Assignments                                                  ; On                 ; On                 ;
; Report Connectivity Checks                                                 ; On                 ; On                 ;
; Ignore Maximum Fan-Out Assignments                                         ; Off                ; Off                ;
; Synchronization Register Chain Length                                      ; 2                  ; 2                  ;
; PowerPlay Power Optimization                                               ; Normal compilation ; Normal compilation ;
; HDL message level                                                          ; Level2             ; Level2             ;
; Suppress Register Optimization Related Messages                            ; Off                ; Off                ;
; Number of Removed Registers Reported in Synthesis Report                   ; 5000               ; 5000               ;
; Number of Swept Nodes Reported in Synthesis Report                         ; 5000               ; 5000               ;
; Number of Inverted Registers Reported in Synthesis Report                  ; 100                ; 100                ;
; Clock MUX Protection                                                       ; On                 ; On                 ;
; Auto Gated Clock Conversion                                                ; Off                ; Off                ;
; Block Design Naming                                                        ; Auto               ; Auto               ;
; SDC constraint protection                                                  ; Off                ; Off                ;
; Synthesis Effort                                                           ; Auto               ; Auto               ;
; Shift Register Replacement - Allow Asynchronous Clear Signal               ; On                 ; On                 ;
; Pre-Mapping Resynthesis Optimization                                       ; Off                ; Off                ;
; Analysis & Synthesis Message Level                                         ; Medium             ; Medium             ;
; Disable Register Merging Across Hierarchies                                ; Auto               ; Auto               ;
; Resource Aware Inference For Block RAM                                     ; On                 ; On                 ;
; Synthesis Seed                                                             ; 1                  ; 1                  ;
+----------------------------------------------------------------------------+--------------------+--------------------+


Parallel compilation was disabled, but you have multiple processors available. Enable parallel compilation to reduce compilation time.
+-------------------------------------+
; Parallel Compilation                ;
+----------------------------+--------+
; Processors                 ; Number ;
+----------------------------+--------+
; Number detected on machine ; 4      ;
; Maximum allowed            ; 1      ;
+----------------------------+--------+


+-----------------------------------------------------------------------------------------------------------------------------------------+
; Analysis & Synthesis Source Files Read                                                                                                  ;
+----------------------------------+-----------------+-----------------+--------------------------------------------------------+---------+
; File Name with User-Entered Path ; Used in Netlist ; File Type       ; File Name with Absolute Path                           ; Library ;
+----------------------------------+-----------------+-----------------+--------------------------------------------------------+---------+
; ROM.vhd                          ; yes             ; User VHDL File  ; /home/lisby/grive/Ulatina/Arquitectura/L1/ROM.vhd      ;         ;
; ALU_CTRL.vhd                     ; yes             ; User VHDL File  ; /home/lisby/grive/Ulatina/Arquitectura/L1/ALU_CTRL.vhd ;         ;
; ALU.vhd                          ; yes             ; User VHDL File  ; /home/lisby/grive/Ulatina/Arquitectura/L1/ALU.vhd      ;         ;
+----------------------------------+-----------------+-----------------+--------------------------------------------------------+---------+


+-------------------------------------------------------+
; Analysis & Synthesis Resource Usage Summary           ;
+---------------------------------------------+---------+
; Resource                                    ; Usage   ;
+---------------------------------------------+---------+
; Estimated Total logic elements              ; 182     ;
;                                             ;         ;
; Total combinational functions               ; 182     ;
; Logic element usage by number of LUT inputs ;         ;
;     -- 4 input functions                    ; 84      ;
;     -- 3 input functions                    ; 68      ;
;     -- <=2 input functions                  ; 30      ;
;                                             ;         ;
; Logic elements by mode                      ;         ;
;     -- normal mode                          ; 150     ;
;     -- arithmetic mode                      ; 32      ;
;                                             ;         ;
; Total registers                             ; 3       ;
;     -- Dedicated logic registers            ; 3       ;
;     -- I/O registers                        ; 0       ;
;                                             ;         ;
; I/O pins                                    ; 42      ;
; Embedded Multiplier 9-bit elements          ; 0       ;
; Maximum fan-out node                        ; opIn[1] ;
; Maximum fan-out                             ; 31      ;
; Total fan-out                               ; 634     ;
; Average fan-out                             ; 2.79    ;
+---------------------------------------------+---------+


+-----------------------------------------------------------------------------------------------------------------------------------------------------------------------------+
; Analysis & Synthesis Resource Utilization by Entity                                                                                                                         ;
+----------------------------+-------------------+--------------+-------------+--------------+---------+-----------+------+--------------+---------------------+--------------+
; Compilation Hierarchy Node ; LC Combinationals ; LC Registers ; Memory Bits ; DSP Elements ; DSP 9x9 ; DSP 18x18 ; Pins ; Virtual Pins ; Full Hierarchy Name ; Library Name ;
+----------------------------+-------------------+--------------+-------------+--------------+---------+-----------+------+--------------+---------------------+--------------+
; |ALU_CTRL                  ; 182 (61)          ; 3 (3)        ; 0           ; 0            ; 0       ; 0         ; 42   ; 0            ; |ALU_CTRL           ; work         ;
;    |ALU:XALU|              ; 110 (110)         ; 0 (0)        ; 0           ; 0            ; 0       ; 0         ; 0    ; 0            ; |ALU_CTRL|ALU:XALU  ; work         ;
;    |ROM:XROM|              ; 11 (11)           ; 0 (0)        ; 0           ; 0            ; 0       ; 0         ; 0    ; 0            ; |ALU_CTRL|ROM:XROM  ; work         ;
+----------------------------+-------------------+--------------+-------------+--------------+---------+-----------+------+--------------+---------------------+--------------+
Note: For table entries with two numbers listed, the numbers in parentheses indicate the number of resources of the given type used by the specific entity alone. The numbers listed outside of parentheses indicate the total resources of the given type used by the specific entity and all of its sub-entities in the hierarchy.


Encoding Type:  One-Hot
+-------------------------------------------------------------------------------------+
; State Machine - |ALU_CTRL|state                                                     ;
+-----------------------+-----------------+-----------------------+-------------------+
; Name                  ; state.resultToW ; state.moveToRegisters ; state.progmemRead ;
+-----------------------+-----------------+-----------------------+-------------------+
; state.progmemRead     ; 0               ; 0                     ; 0                 ;
; state.moveToRegisters ; 0               ; 1                     ; 1                 ;
; state.resultToW       ; 1               ; 0                     ; 1                 ;
+-----------------------+-----------------+-----------------------+-------------------+


+----------------------------------------------------------------------------------------------------+
; User-Specified and Inferred Latches                                                                ;
+-----------------------------------------------------+---------------------+------------------------+
; Latch Name                                          ; Latch Enable Signal ; Free of Timing Hazards ;
+-----------------------------------------------------+---------------------+------------------------+
; W[0]                                                ; state.resultToW     ; yes                    ;
; W[1]                                                ; state.resultToW     ; yes                    ;
; W[2]                                                ; state.resultToW     ; yes                    ;
; W[3]                                                ; state.resultToW     ; yes                    ;
; W[4]                                                ; state.resultToW     ; yes                    ;
; W[5]                                                ; state.resultToW     ; yes                    ;
; W[6]                                                ; state.resultToW     ; yes                    ;
; W[7]                                                ; state.resultToW     ; yes                    ;
; opIn[1]                                             ; CoBuffer            ; yes                    ;
; regW[6]                                             ; CoBuffer            ; yes                    ;
; CarryInput                                          ; CarryInput          ; yes                    ;
; opIn[0]                                             ; CoBuffer            ; yes                    ;
; opIn[3]                                             ; CoBuffer            ; yes                    ;
; opIn[2]                                             ; CoBuffer            ; yes                    ;
; regW[7]                                             ; CoBuffer            ; yes                    ;
; regW[5]                                             ; CoBuffer            ; yes                    ;
; regW[4]                                             ; CoBuffer            ; yes                    ;
; regW[3]                                             ; CoBuffer            ; yes                    ;
; regW[2]                                             ; CoBuffer            ; yes                    ;
; regW[1]                                             ; CoBuffer            ; yes                    ;
; regW[0]                                             ; CoBuffer            ; yes                    ;
; regB[7]                                             ; CoBuffer            ; yes                    ;
; regB[6]                                             ; CoBuffer            ; yes                    ;
; regB[5]                                             ; CoBuffer            ; yes                    ;
; regB[4]                                             ; CoBuffer            ; yes                    ;
; regB[3]                                             ; CoBuffer            ; yes                    ;
; regB[2]                                             ; CoBuffer            ; yes                    ;
; regB[1]                                             ; CoBuffer            ; yes                    ;
; regB[0]                                             ; CoBuffer            ; yes                    ;
; CoBuffer                                            ; CoBuffer            ; yes                    ;
; S[1]                                                ; CoBuffer            ; yes                    ;
; S[0]                                                ; CoBuffer            ; yes                    ;
; S[3]                                                ; CoBuffer            ; yes                    ;
; S[2]                                                ; CoBuffer            ; yes                    ;
; IR[7]                                               ; CarryInput          ; yes                    ;
; IR[6]                                               ; CarryInput          ; yes                    ;
; IR[5]                                               ; CarryInput          ; yes                    ;
; IR[4]                                               ; CarryInput          ; yes                    ;
; IR[3]                                               ; CarryInput          ; yes                    ;
; IR[2]                                               ; CarryInput          ; yes                    ;
; IR[1]                                               ; CarryInput          ; yes                    ;
; IR[0]                                               ; CarryInput          ; yes                    ;
; ALU:XALU|preCo                                      ; ALU:XALU|Mux0       ; yes                    ;
; nState.moveToRegisters_572                          ; RST                 ; yes                    ;
; nState.progmemRead_578                              ; RST                 ; yes                    ;
; nState.resultToW_566                                ; RST                 ; yes                    ;
; IR[9]                                               ; CarryInput          ; yes                    ;
; IR[8]                                               ; CarryInput          ; yes                    ;
; IR[11]                                              ; CarryInput          ; yes                    ;
; IR[10]                                              ; CarryInput          ; yes                    ;
; addrReg[0]                                          ; CarryInput          ; yes                    ;
; addrReg[1]                                          ; CarryInput          ; yes                    ;
; addrReg[2]                                          ; CarryInput          ; yes                    ;
; addrReg[3]                                          ; CarryInput          ; yes                    ;
; ALU:XALU|preR[8]                                    ; ALU:XALU|Mux37      ; yes                    ;
; PC[0]                                               ; state.resultToW     ; yes                    ;
; PC[1]                                               ; state.resultToW     ; yes                    ;
; PC[2]                                               ; state.resultToW     ; yes                    ;
; PC[3]                                               ; state.resultToW     ; yes                    ;
; Number of user-specified and inferred latches = 59  ;                     ;                        ;
+-----------------------------------------------------+---------------------+------------------------+
Note: All latches listed above may not be present at the end of synthesis due to various synthesis optimizations.


+------------------------------------------------------+
; General Register Statistics                          ;
+----------------------------------------------+-------+
; Statistic                                    ; Value ;
+----------------------------------------------+-------+
; Total registers                              ; 3     ;
; Number of registers using Synchronous Clear  ; 0     ;
; Number of registers using Synchronous Load   ; 0     ;
; Number of registers using Asynchronous Clear ; 3     ;
; Number of registers using Asynchronous Load  ; 0     ;
; Number of registers using Clock Enable       ; 0     ;
; Number of registers using Preset             ; 0     ;
+----------------------------------------------+-------+


+------------------------------------------------------------------------------------------------------------------------------------------+
; Multiplexer Restructuring Statistics (Restructuring Performed)                                                                           ;
+--------------------+-----------+---------------+----------------------+------------------------+------------+----------------------------+
; Multiplexer Inputs ; Bus Width ; Baseline Area ; Area if Restructured ; Saving if Restructured ; Registered ; Example Multiplexer Output ;
+--------------------+-----------+---------------+----------------------+------------------------+------------+----------------------------+
; 14:1               ; 8 bits    ; 72 LEs        ; 72 LEs               ; 0 LEs                  ; No         ; |ALU_CTRL|ALU:XALU|Mux2    ;
+--------------------+-----------+---------------+----------------------+------------------------+------------+----------------------------+


+----------------------------------------------------------------------------------------------------------------+
; Port Connectivity Checks: "ALU:XALU"                                                                           ;
+------+--------+----------+-------------------------------------------------------------------------------------+
; Port ; Type   ; Severity ; Details                                                                             ;
+------+--------+----------+-------------------------------------------------------------------------------------+
; hex  ; Output ; Info     ; Connected to dangling logic. Logic that only feeds a dangling port will be removed. ;
+------+--------+----------+-------------------------------------------------------------------------------------+


+-------------------------------+
; Elapsed Time Per Partition    ;
+----------------+--------------+
; Partition Name ; Elapsed Time ;
+----------------+--------------+
; Top            ; 00:00:00     ;
+----------------+--------------+


+-------------------------------+
; Analysis & Synthesis Messages ;
+-------------------------------+
Info: *******************************************************************
Info: Running Quartus II 64-Bit Analysis & Synthesis
    Info: Version 13.0.1 Build 232 06/12/2013 Service Pack 1 SJ Web Edition
    Info: Processing started: Wed May 30 21:59:45 2018
Info: Command: quartus_map --read_settings_files=on --write_settings_files=off ALU_CTRL -c ALU_CTRL
Warning (20028): Parallel compilation is not licensed and has been disabled
Info (12021): Found 2 design units, including 1 entities, in source file ROM.vhd
    Info (12022): Found design unit 1: ROM-ROM_ARCH
    Info (12023): Found entity 1: ROM
Info (12021): Found 2 design units, including 1 entities, in source file ALU_CTRL.vhd
    Info (12022): Found design unit 1: ALU_CTRL-archALU_CTRL
    Info (12023): Found entity 1: ALU_CTRL
Info (12021): Found 2 design units, including 1 entities, in source file ALU.vhd
    Info (12022): Found design unit 1: ALU-A_ALU
    Info (12023): Found entity 1: ALU
Info (12127): Elaborating entity "ALU_CTRL" for the top level hierarchy
Warning (10036): Verilog HDL or VHDL warning at ALU_CTRL.vhd(30): object "hexReg" assigned a value but never read
Warning (10492): VHDL Process Statement warning at ALU_CTRL.vhd(67): signal "dataReg" is read inside the Process Statement but isn't in the Process Statement's sensitivity list
Warning (10492): VHDL Process Statement warning at ALU_CTRL.vhd(69): signal "CoBuffer" is read inside the Process Statement but isn't in the Process Statement's sensitivity list
Warning (10492): VHDL Process Statement warning at ALU_CTRL.vhd(72): signal "IR" is read inside the Process Statement but isn't in the Process Statement's sensitivity list
Warning (10492): VHDL Process Statement warning at ALU_CTRL.vhd(73): signal "IR" is read inside the Process Statement but isn't in the Process Statement's sensitivity list
Warning (10492): VHDL Process Statement warning at ALU_CTRL.vhd(74): signal "W" is read inside the Process Statement but isn't in the Process Statement's sensitivity list
Warning (10492): VHDL Process Statement warning at ALU_CTRL.vhd(75): signal "S" is read inside the Process Statement but isn't in the Process Statement's sensitivity list
Warning (10492): VHDL Process Statement warning at ALU_CTRL.vhd(77): signal "CoReg" is read inside the Process Statement but isn't in the Process Statement's sensitivity list
Warning (10492): VHDL Process Statement warning at ALU_CTRL.vhd(80): signal "rValue" is read inside the Process Statement but isn't in the Process Statement's sensitivity list
Warning (10492): VHDL Process Statement warning at ALU_CTRL.vhd(82): signal "addrReg" is read inside the Process Statement but isn't in the Process Statement's sensitivity list
Warning (10631): VHDL Process Statement warning at ALU_CTRL.vhd(58): inferring latch(es) for signal or variable "PC", which holds its previous value in one or more paths through the process
Warning (10631): VHDL Process Statement warning at ALU_CTRL.vhd(58): inferring latch(es) for signal or variable "W", which holds its previous value in one or more paths through the process
Warning (10631): VHDL Process Statement warning at ALU_CTRL.vhd(58): inferring latch(es) for signal or variable "addrReg", which holds its previous value in one or more paths through the process
Warning (10631): VHDL Process Statement warning at ALU_CTRL.vhd(58): inferring latch(es) for signal or variable "IR", which holds its previous value in one or more paths through the process
Warning (10631): VHDL Process Statement warning at ALU_CTRL.vhd(58): inferring latch(es) for signal or variable "nState", which holds its previous value in one or more paths through the process
Warning (10631): VHDL Process Statement warning at ALU_CTRL.vhd(58): inferring latch(es) for signal or variable "CarryInput", which holds its previous value in one or more paths through the process
Warning (10631): VHDL Process Statement warning at ALU_CTRL.vhd(58): inferring latch(es) for signal or variable "S", which holds its previous value in one or more paths through the process
Warning (10631): VHDL Process Statement warning at ALU_CTRL.vhd(58): inferring latch(es) for signal or variable "regB", which holds its previous value in one or more paths through the process
Warning (10631): VHDL Process Statement warning at ALU_CTRL.vhd(58): inferring latch(es) for signal or variable "regW", which holds its previous value in one or more paths through the process
Warning (10631): VHDL Process Statement warning at ALU_CTRL.vhd(58): inferring latch(es) for signal or variable "opIn", which holds its previous value in one or more paths through the process
Warning (10631): VHDL Process Statement warning at ALU_CTRL.vhd(58): inferring latch(es) for signal or variable "CoBuffer", which holds its previous value in one or more paths through the process
Info (10041): Inferred latch for "CoBuffer" at ALU_CTRL.vhd(58)
Info (10041): Inferred latch for "opIn[0]" at ALU_CTRL.vhd(58)
Info (10041): Inferred latch for "opIn[1]" at ALU_CTRL.vhd(58)
Info (10041): Inferred latch for "opIn[2]" at ALU_CTRL.vhd(58)
Info (10041): Inferred latch for "opIn[3]" at ALU_CTRL.vhd(58)
Info (10041): Inferred latch for "regW[0]" at ALU_CTRL.vhd(58)
Info (10041): Inferred latch for "regW[1]" at ALU_CTRL.vhd(58)
Info (10041): Inferred latch for "regW[2]" at ALU_CTRL.vhd(58)
Info (10041): Inferred latch for "regW[3]" at ALU_CTRL.vhd(58)
Info (10041): Inferred latch for "regW[4]" at ALU_CTRL.vhd(58)
Info (10041): Inferred latch for "regW[5]" at ALU_CTRL.vhd(58)
Info (10041): Inferred latch for "regW[6]" at ALU_CTRL.vhd(58)
Info (10041): Inferred latch for "regW[7]" at ALU_CTRL.vhd(58)
Info (10041): Inferred latch for "regB[0]" at ALU_CTRL.vhd(58)
Info (10041): Inferred latch for "regB[1]" at ALU_CTRL.vhd(58)
Info (10041): Inferred latch for "regB[2]" at ALU_CTRL.vhd(58)
Info (10041): Inferred latch for "regB[3]" at ALU_CTRL.vhd(58)
Info (10041): Inferred latch for "regB[4]" at ALU_CTRL.vhd(58)
Info (10041): Inferred latch for "regB[5]" at ALU_CTRL.vhd(58)
Info (10041): Inferred latch for "regB[6]" at ALU_CTRL.vhd(58)
Info (10041): Inferred latch for "regB[7]" at ALU_CTRL.vhd(58)
Info (10041): Inferred latch for "S[0]" at ALU_CTRL.vhd(58)
Info (10041): Inferred latch for "S[1]" at ALU_CTRL.vhd(58)
Info (10041): Inferred latch for "S[2]" at ALU_CTRL.vhd(58)
Info (10041): Inferred latch for "S[3]" at ALU_CTRL.vhd(58)
Info (10041): Inferred latch for "CarryInput" at ALU_CTRL.vhd(58)
Info (10041): Inferred latch for "nState.resultToW" at ALU_CTRL.vhd(58)
Info (10041): Inferred latch for "nState.moveToRegisters" at ALU_CTRL.vhd(58)
Info (10041): Inferred latch for "nState.progmemRead" at ALU_CTRL.vhd(58)
Info (10041): Inferred latch for "IR[0]" at ALU_CTRL.vhd(58)
Info (10041): Inferred latch for "IR[1]" at ALU_CTRL.vhd(58)
Info (10041): Inferred latch for "IR[2]" at ALU_CTRL.vhd(58)
Info (10041): Inferred latch for "IR[3]" at ALU_CTRL.vhd(58)
Info (10041): Inferred latch for "IR[4]" at ALU_CTRL.vhd(58)
Info (10041): Inferred latch for "IR[5]" at ALU_CTRL.vhd(58)
Info (10041): Inferred latch for "IR[6]" at ALU_CTRL.vhd(58)
Info (10041): Inferred latch for "IR[7]" at ALU_CTRL.vhd(58)
Info (10041): Inferred latch for "IR[8]" at ALU_CTRL.vhd(58)
Info (10041): Inferred latch for "IR[9]" at ALU_CTRL.vhd(58)
Info (10041): Inferred latch for "IR[10]" at ALU_CTRL.vhd(58)
Info (10041): Inferred latch for "IR[11]" at ALU_CTRL.vhd(58)
Info (10041): Inferred latch for "addrReg[0]" at ALU_CTRL.vhd(58)
Info (10041): Inferred latch for "addrReg[1]" at ALU_CTRL.vhd(58)
Info (10041): Inferred latch for "addrReg[2]" at ALU_CTRL.vhd(58)
Info (10041): Inferred latch for "addrReg[3]" at ALU_CTRL.vhd(58)
Info (10041): Inferred latch for "W[0]" at ALU_CTRL.vhd(58)
Info (10041): Inferred latch for "W[1]" at ALU_CTRL.vhd(58)
Info (10041): Inferred latch for "W[2]" at ALU_CTRL.vhd(58)
Info (10041): Inferred latch for "W[3]" at ALU_CTRL.vhd(58)
Info (10041): Inferred latch for "W[4]" at ALU_CTRL.vhd(58)
Info (10041): Inferred latch for "W[5]" at ALU_CTRL.vhd(58)
Info (10041): Inferred latch for "W[6]" at ALU_CTRL.vhd(58)
Info (10041): Inferred latch for "W[7]" at ALU_CTRL.vhd(58)
Info (10041): Inferred latch for "PC[0]" at ALU_CTRL.vhd(58)
Info (10041): Inferred latch for "PC[1]" at ALU_CTRL.vhd(58)
Info (10041): Inferred latch for "PC[2]" at ALU_CTRL.vhd(58)
Info (10041): Inferred latch for "PC[3]" at ALU_CTRL.vhd(58)
Info (12128): Elaborating entity "ALU" for hierarchy "ALU:XALU"
Warning (10631): VHDL Process Statement warning at ALU.vhd(24): inferring latch(es) for signal or variable "preR", which holds its previous value in one or more paths through the process
Warning (10631): VHDL Process Statement warning at ALU.vhd(24): inferring latch(es) for signal or variable "preCo", which holds its previous value in one or more paths through the process
Info (10041): Inferred latch for "preCo" at ALU.vhd(24)
Info (10041): Inferred latch for "preR[8]" at ALU.vhd(24)
Info (12128): Elaborating entity "ROM" for hierarchy "ROM:XROM"
Info (13025): Duplicate LATCH primitives merged into single LATCH primitive
    Info (13026): Duplicate LATCH primitive "IR[0]" merged with LATCH primitive "IR[1]"
    Info (13026): Duplicate LATCH primitive "regB[0]" merged with LATCH primitive "regB[1]"
Warning (13012): Latch ALU:XALU|preCo has unsafe behavior
    Warning (13013): Ports D and ENA on the latch are fed by the same signal opIn[3]
Warning (13012): Latch ALU:XALU|preR[8] has unsafe behavior
    Warning (13013): Ports D and ENA on the latch are fed by the same signal opIn[2]
Warning (13024): Output pins are stuck at VCC or GND
    Warning (13410): Pin "HEXOUT[5]" is stuck at VCC
    Warning (13410): Pin "HEXOUT[8]" is stuck at VCC
    Warning (13410): Pin "HEXOUT[10]" is stuck at GND
    Warning (13410): Pin "HEXOUT[12]" is stuck at GND
    Warning (13410): Pin "HEXOUT[14]" is stuck at GND
    Warning (13410): Pin "HEXOUT[18]" is stuck at GND
    Warning (13410): Pin "HEXOUT[19]" is stuck at GND
    Warning (13410): Pin "HEXOUT[20]" is stuck at GND
    Warning (13410): Pin "HEXOUT[21]" is stuck at VCC
    Warning (13410): Pin "HEXOUT[25]" is stuck at GND
Info (16010): Generating hard_block partition "hard_block:auto_generated_inst"
    Info (16011): Adding 0 node(s), including 0 DDIO, 0 PLL, 0 transceiver and 0 LCELL
Info (21057): Implemented 226 device resources after synthesis - the final resource count might be different
    Info (21058): Implemented 2 input pins
    Info (21059): Implemented 40 output pins
    Info (21061): Implemented 184 logic cells
Info: Quartus II 64-Bit Analysis & Synthesis was successful. 0 errors, 39 warnings
    Info: Peak virtual memory: 632 megabytes
    Info: Processing ended: Wed May 30 21:59:47 2018
    Info: Elapsed time: 00:00:02
    Info: Total CPU time (on all processors): 00:00:02


